// Jest Snapshot v1, https://goo.gl/fbAQLP

exports[`Control Test 1`] = `
<div>
  <div
    class="sc-dkPtyc ivLdOD"
    data-testid="control"
  >
    <button
      class="sc-gsDJrp liakXf"
      data-testid="button"
      type="button"
    >
      Add Frame
    </button>
    <div>
      <button
        class="sc-gsDJrp liakXf"
        data-testid="button"
        type="button"
      >
        Duration
      </button>
    </div>
    <div
      class="sc-bdvvaa hOlXtj"
      data-testid="box"
    >
      <button
        class="sc-gsDJrp bzHnWL"
        data-testid="button"
        type="button"
      >
        <svg
          fill="currentColor"
          height="18"
          stroke="currentColor"
          stroke-width="0"
          viewBox="0 0 448 512"
          width="18"
          xmlns="http://www.w3.org/2000/svg"
        >
          <path
            d="M424.4 214.7L72.4 6.6C43.8-10.3 0 6.1 0 47.9V464c0 37.5 40.7 60.1 72.4 41.3l352-208c31.4-18.5 31.5-64.1 0-82.6z"
          />
        </svg>
      </button>
      <div
        class="sc-bdvvaa kkNaPP"
        data-testid="box"
      />
      <button
        class="sc-gsDJrp bzHnWL"
        data-testid="button"
        type="button"
      >
        <svg
          fill="currentColor"
          height="18"
          stroke="currentColor"
          stroke-width="0"
          viewBox="0 0 448 512"
          width="18"
          xmlns="http://www.w3.org/2000/svg"
        >
          <path
            d="M144 479H48c-26.5 0-48-21.5-48-48V79c0-26.5 21.5-48 48-48h96c26.5 0 48 21.5 48 48v352c0 26.5-21.5 48-48 48zm304-48V79c0-26.5-21.5-48-48-48h-96c-26.5 0-48 21.5-48 48v352c0 26.5 21.5 48 48 48h96c26.5 0 48-21.5 48-48z"
          />
        </svg>
      </button>
      <div
        class="sc-bdvvaa kkNaPP"
        data-testid="box"
      />
      <button
        class="sc-gsDJrp bzHnWL"
        data-testid="button"
        type="button"
      >
        <svg
          fill="currentColor"
          height="18"
          stroke="currentColor"
          stroke-width="0"
          viewBox="0 0 448 512"
          width="18"
          xmlns="http://www.w3.org/2000/svg"
        >
          <path
            d="M400 32H48C21.5 32 0 53.5 0 80v352c0 26.5 21.5 48 48 48h352c26.5 0 48-21.5 48-48V80c0-26.5-21.5-48-48-48z"
          />
        </svg>
      </button>
    </div>
  </div>
</div>
`;
