// Jest Snapshot v1, https://goo.gl/fbAQLP

exports[`Box Test 1`] = `
<div>
  <div
    class="sc-bdfBwQ JrvQt"
    data-testid="box"
  >
    Hello
  </div>
</div>
`;
