// Jest Snapshot v1, https://goo.gl/fbAQLP

exports[`AnimatableInput Test 1`] = `
<div>
  <div
    class="sc-bdfBwQ cMLcsh"
  >
    <label
      class="sc-gsTCUz enBbRt"
      data-testid="animatable-input-label"
      for="Test"
    >
      Test
    </label>
    <input
      autocomplete="off"
      class="sc-dlfnbm fQvILG"
      data-testid="animatable-input"
      id="Test"
    />
  </div>
</div>
`;
