// Jest Snapshot v1, https://goo.gl/fbAQLP

exports[`Header Test 1`] = `
<div>
  <div
    class="sc-bdvvaa blkmKL"
    data-testid="header"
  >
    <a
      class="sc-gsDJrp juuEKj"
      href="/"
      tabindex="0"
    >
      Animate.
    </a>
    <ul>
      <li>
        <a
          href="/browse"
        >
          Browse
        </a>
      </li>
      <li>
        <a
          class="sc-dkPtyc eTdaSJ"
          href="/animate"
          tabindex="0"
        >
          Editor
        </a>
      </li>
    </ul>
  </div>
</div>
`;
